

================================================================
== Vitis HLS Report for 'cordiccart2pol'
================================================================
* Date:           Tue Oct 24 20:53:22 2023

* Version:        2022.2 (Build 3670227 on Oct 13 2022)
* Project:        cordiccart2pol
* Solution:       solution1 (Vivado IP Flow Target)
* Product family: zynq
* Target device:  xc7z020-clg400-1


================================================================
== Performance Estimates
================================================================
+ Timing: 
    * Summary: 
    +--------+----------+----------+------------+
    |  Clock |  Target  | Estimated| Uncertainty|
    +--------+----------+----------+------------+
    |ap_clk  |  10.00 ns|  7.222 ns|     2.70 ns|
    +--------+----------+----------+------------+

+ Latency: 
    * Summary: 
    +---------+---------+----------+----------+-----+-----+---------+
    |  Latency (cycles) |  Latency (absolute) |  Interval | Pipeline|
    |   min   |   max   |    min   |    max   | min | max |   Type  |
    +---------+---------+----------+----------+-----+-----+---------+
    |       56|       56|  0.560 us|  0.560 us|   57|   57|       no|
    +---------+---------+----------+----------+-----+-----+---------+

    + Detail: 
        * Instance: 
        +----------------------------------------------------+-----------------------------------------+---------+---------+----------+----------+-----+-----+---------+
        |                                                    |                                         |  Latency (cycles) |  Latency (absolute) |  Interval | Pipeline|
        |                      Instance                      |                  Module                 |   min   |   max   |    min   |    max   | min | max |   Type  |
        +----------------------------------------------------+-----------------------------------------+---------+---------+----------+----------+-----+-----+---------+
        |grp_cordiccart2pol_Pipeline_VITIS_LOOP_32_1_fu_204  |cordiccart2pol_Pipeline_VITIS_LOOP_32_1  |       34|       34|  0.340 us|  0.340 us|   34|   34|       no|
        +----------------------------------------------------+-----------------------------------------+---------+---------+----------+----------+-----+-----+---------+

        * Loop: 
        N/A



================================================================
== Utilization Estimates
================================================================
* Summary: 
+-----------------+---------+-----+--------+-------+-----+
|       Name      | BRAM_18K| DSP |   FF   |  LUT  | URAM|
+-----------------+---------+-----+--------+-------+-----+
|DSP              |        -|    -|       -|      -|    -|
|Expression       |        -|    -|       0|   4313|    -|
|FIFO             |        -|    -|       -|      -|    -|
|Instance         |        0|   11|     705|   1502|    -|
|Memory           |        -|    -|       -|      -|    -|
|Multiplexer      |        -|    -|       -|    127|    -|
|Register         |        -|    -|    1352|      -|    -|
+-----------------+---------+-----+--------+-------+-----+
|Total            |        0|   11|    2057|   5942|    0|
+-----------------+---------+-----+--------+-------+-----+
|Available        |      280|  220|  106400|  53200|    0|
+-----------------+---------+-----+--------+-------+-----+
|Utilization (%)  |        0|    5|       1|     11|    0|
+-----------------+---------+-----+--------+-------+-----+

+ Detail: 
    * Instance: 
    +----------------------------------------------------+-----------------------------------------+---------+----+-----+-----+-----+
    |                      Instance                      |                  Module                 | BRAM_18K| DSP|  FF | LUT | URAM|
    +----------------------------------------------------+-----------------------------------------+---------+----+-----+-----+-----+
    |control_s_axi_U                                     |control_s_axi                            |        0|   0|  188|  296|    0|
    |grp_cordiccart2pol_Pipeline_VITIS_LOOP_32_1_fu_204  |cordiccart2pol_Pipeline_VITIS_LOOP_32_1  |        0|   0|  175|  620|    0|
    |dmul_64ns_64ns_64_7_max_dsp_1_U10                   |dmul_64ns_64ns_64_7_max_dsp_1            |        0|  11|  342|  586|    0|
    |fpext_32ns_64_2_no_dsp_1_U8                         |fpext_32ns_64_2_no_dsp_1                 |        0|   0|    0|    0|    0|
    |fpext_32ns_64_2_no_dsp_1_U9                         |fpext_32ns_64_2_no_dsp_1                 |        0|   0|    0|    0|    0|
    |fptrunc_64ns_32_2_no_dsp_1_U7                       |fptrunc_64ns_32_2_no_dsp_1               |        0|   0|    0|    0|    0|
    +----------------------------------------------------+-----------------------------------------+---------+----+-----+-----+-----+
    |Total                                               |                                         |        0|  11|  705| 1502|    0|
    +----------------------------------------------------+-----------------------------------------+---------+----+-----+-----+-----+

    * DSP: 
    N/A

    * Memory: 
    N/A

    * FIFO: 
    N/A

    * Expression: 
    +-------------------------------+----------+----+---+-----+------------+------------+
    |         Variable Name         | Operation| DSP| FF| LUT | Bitwidth P0| Bitwidth P1|
    +-------------------------------+----------+----+---+-----+------------+------------+
    |add_ln1104_1_fu_1881_p2        |         +|   0|  0|   23|          16|           6|
    |add_ln1104_fu_2180_p2          |         +|   0|  0|   23|          16|           6|
    |add_ln1113_1_fu_1922_p2        |         +|   0|  0|   39|          32|           6|
    |add_ln1113_fu_2221_p2          |         +|   0|  0|   39|          32|           6|
    |add_ln1124_1_fu_2001_p2        |         +|   0|  0|    8|           8|           8|
    |add_ln1124_fu_2300_p2          |         +|   0|  0|    8|           8|           8|
    |add_ln570_1_fu_453_p2          |         +|   0|  0|   12|          12|           5|
    |add_ln570_fu_342_p2            |         +|   0|  0|   12|          12|           5|
    |add_ln580_1_fu_698_p2          |         +|   0|  0|   12|          12|           5|
    |add_ln580_fu_583_p2            |         +|   0|  0|   12|          12|           5|
    |add_ln601_1_fu_715_p2          |         +|   0|  0|   12|          12|          12|
    |add_ln601_fu_600_p2            |         +|   0|  0|   12|          12|          12|
    |exp_1_fu_640_p2                |         +|   0|  0|   12|          12|          11|
    |exp_fu_525_p2                  |         +|   0|  0|   12|          12|          11|
    |lsb_index_1_fu_1814_p2         |         +|   0|  0|   39|          32|           6|
    |lsb_index_fu_2113_p2           |         +|   0|  0|   39|          32|           6|
    |m_3_fu_2261_p2                 |         +|   0|  0|   71|          64|          64|
    |m_6_fu_1962_p2                 |         +|   0|  0|   71|          64|          64|
    |p_Val2_15_fu_790_p2            |         +|   0|  0|   23|          16|          16|
    |p_Val2_20_fu_1022_p2           |         +|   0|  0|   23|          16|          16|
    |pos1_1_fu_499_p2               |         +|   0|  0|   12|          12|           2|
    |pos1_fu_388_p2                 |         +|   0|  0|   12|          12|           2|
    |pos2_1_fu_737_p2               |         +|   0|  0|   12|          12|           2|
    |pos2_fu_622_p2                 |         +|   0|  0|   12|          12|           2|
    |F2_1_fu_441_p2                 |         -|   0|  0|   12|          11|          12|
    |F2_fu_330_p2                   |         -|   0|  0|   12|          11|          12|
    |man_V_2_fu_317_p2              |         -|   0|  0|   61|           1|          54|
    |man_V_6_fu_428_p2              |         -|   0|  0|   61|           1|          54|
    |p_Val2_24_fu_1631_p2           |         -|   0|  0|   23|           1|          16|
    |r_V_5_fu_1587_p2               |         -|   0|  0|   24|           1|          17|
    |sub_ln1099_1_fu_1796_p2        |         -|   0|  0|   39|           5|          32|
    |sub_ln1099_fu_2095_p2          |         -|   0|  0|   39|           5|          32|
    |sub_ln1102_1_fu_1835_p2        |         -|   0|  0|   13|           4|           4|
    |sub_ln1102_fu_2134_p2          |         -|   0|  0|   13|           4|           4|
    |sub_ln1114_1_fu_1937_p2        |         -|   0|  0|   39|           5|          32|
    |sub_ln1114_fu_2236_p2          |         -|   0|  0|   39|           5|          32|
    |sub_ln1119_1_fu_1996_p2        |         -|   0|  0|    8|           2|           8|
    |sub_ln1119_fu_2295_p2          |         -|   0|  0|    8|           2|           8|
    |sub_ln570_1_fu_459_p2          |         -|   0|  0|   12|           4|          12|
    |sub_ln570_fu_348_p2            |         -|   0|  0|   12|           4|          12|
    |tmp_V_2_fu_1752_p2             |         -|   0|  0|   23|           1|          16|
    |tmp_V_fu_2051_p2               |         -|   0|  0|   23|           1|          16|
    |Range1_all_ones_10_fu_875_p2   |       and|   0|  0|    2|           1|           1|
    |Range1_all_ones_12_fu_1107_p2  |       and|   0|  0|    2|           1|           1|
    |Range1_all_ones_6_fu_1159_p2   |       and|   0|  0|    2|           1|           1|
    |Range1_all_ones_fu_927_p2      |       and|   0|  0|    2|           1|           1|
    |a_1_fu_1861_p2                 |       and|   0|  0|    2|           1|           1|
    |a_fu_2160_p2                   |       and|   0|  0|    2|           1|           1|
    |and_ln1104_1_fu_1893_p2        |       and|   0|  0|    2|           1|           1|
    |and_ln1104_fu_2192_p2          |       and|   0|  0|    2|           1|           1|
    |and_ln302_1_fu_1374_p2         |       and|   0|  0|    2|           1|           1|
    |and_ln302_2_fu_1380_p2         |       and|   0|  0|    2|           1|           1|
    |and_ln302_3_fu_1537_p2         |       and|   0|  0|    2|           1|           1|
    |and_ln302_4_fu_1554_p2         |       and|   0|  0|    2|           1|           1|
    |and_ln302_5_fu_1560_p2         |       and|   0|  0|    2|           1|           1|
    |and_ln302_6_fu_1685_p2         |       and|   0|  0|    2|           1|           1|
    |and_ln302_fu_1357_p2           |       and|   0|  0|    2|           1|           1|
    |and_ln365_2_fu_1077_p2         |       and|   0|  0|    2|           1|           1|
    |and_ln365_fu_845_p2            |       and|   0|  0|    2|           1|           1|
    |and_ln546_1_fu_1464_p2         |       and|   0|  0|    2|           1|           1|
    |and_ln546_fu_1284_p2           |       and|   0|  0|    2|           1|           1|
    |and_ln566_1_fu_1052_p2         |       and|   0|  0|    2|           1|           1|
    |and_ln566_fu_820_p2            |       and|   0|  0|    2|           1|           1|
    |and_ln592_1_fu_1065_p2         |       and|   0|  0|    2|           1|           1|
    |and_ln592_fu_833_p2            |       and|   0|  0|    2|           1|           1|
    |and_ln610_1_fu_1279_p2         |       and|   0|  0|    2|           1|           1|
    |and_ln610_3_fu_1454_p2         |       and|   0|  0|    2|           1|           1|
    |and_ln610_4_fu_1459_p2         |       and|   0|  0|    2|           1|           1|
    |and_ln610_fu_1274_p2           |       and|   0|  0|    2|           1|           1|
    |and_ln628_1_fu_1153_p2         |       and|   0|  0|    2|           1|           1|
    |and_ln628_fu_921_p2            |       and|   0|  0|    2|           1|           1|
    |and_ln630_1_fu_1176_p2         |       and|   0|  0|    2|           1|           1|
    |and_ln630_fu_944_p2            |       and|   0|  0|    2|           1|           1|
    |and_ln642_1_fu_1421_p2         |       and|   0|  0|    2|           1|           1|
    |and_ln642_fu_1241_p2           |       and|   0|  0|    2|           1|           1|
    |and_ln643_1_fu_1432_p2         |       and|   0|  0|    2|           1|           1|
    |and_ln643_fu_1252_p2           |       and|   0|  0|    2|           1|           1|
    |and_ln647_2_fu_1345_p2         |       and|   0|  0|    2|           1|           1|
    |and_ln647_3_fu_1483_p2         |       and|   0|  0|    2|           1|           1|
    |and_ln647_5_fu_1525_p2         |       and|   0|  0|    2|           1|           1|
    |and_ln647_fu_1303_p2           |       and|   0|  0|    2|           1|           1|
    |and_ln648_1_fu_1505_p2         |       and|   0|  0|    2|           1|           1|
    |and_ln648_fu_1325_p2           |       and|   0|  0|    2|           1|           1|
    |and_ln856_fu_1720_p2           |       and|   0|  0|    2|           1|           1|
    |and_ln896_fu_1625_p2           |       and|   0|  0|    2|           1|           1|
    |carry_1_fu_851_p2              |       and|   0|  0|    2|           1|           1|
    |carry_3_fu_1083_p2             |       and|   0|  0|    2|           1|           1|
    |overflow_6_fu_1499_p2          |       and|   0|  0|    2|           1|           1|
    |overflow_7_fu_1619_p2          |       and|   0|  0|    2|           1|           1|
    |overflow_fu_1319_p2            |       and|   0|  0|    2|           1|           1|
    |p_Result_45_fu_2149_p2         |       and|   0|  0|   16|          16|          16|
    |p_Result_52_fu_1850_p2         |       and|   0|  0|   16|          16|          16|
    |ashr_ln575_1_fu_681_p2         |      ashr|   0|  0|  161|          54|          54|
    |ashr_ln575_fu_566_p2           |      ashr|   0|  0|  161|          54|          54|
    |QUAN_INC_1_fu_447_p2           |      icmp|   0|  0|   12|          12|           4|
    |QUAN_INC_fu_336_p2             |      icmp|   0|  0|   12|          12|           4|
    |Range2_all_ones_3_fu_1127_p2   |      icmp|   0|  0|   25|          54|          54|
    |Range2_all_ones_fu_895_p2      |      icmp|   0|  0|   25|          54|          54|
    |icmp_ln1090_1_fu_1738_p2       |      icmp|   0|  0|   13|          16|           1|
    |icmp_ln1090_fu_2037_p2         |      icmp|   0|  0|   13|          16|           1|
    |icmp_ln1101_1_fu_1829_p2       |      icmp|   0|  0|   17|          31|           1|
    |icmp_ln1101_fu_2128_p2         |      icmp|   0|  0|   17|          31|           1|
    |icmp_ln1102_1_fu_1855_p2       |      icmp|   0|  0|   13|          16|           1|
    |icmp_ln1102_fu_2154_p2         |      icmp|   0|  0|   13|          16|           1|
    |icmp_ln1113_1_fu_1913_p2       |      icmp|   0|  0|   18|          32|           1|
    |icmp_ln1113_fu_2212_p2         |      icmp|   0|  0|   18|          32|           1|
    |icmp_ln1649_fu_1579_p2         |      icmp|   0|  0|   13|          16|           1|
    |icmp_ln560_1_fu_297_p2         |      icmp|   0|  0|   28|          63|           1|
    |icmp_ln560_fu_261_p2           |      icmp|   0|  0|   28|          63|           1|
    |icmp_ln566_2_fu_703_p2         |      icmp|   0|  0|   12|          12|           4|
    |icmp_ln566_fu_588_p2           |      icmp|   0|  0|   12|          12|           4|
    |icmp_ln571_1_fu_648_p2         |      icmp|   0|  0|   12|          12|           4|
    |icmp_ln571_fu_533_p2           |      icmp|   0|  0|   12|          12|           4|
    |icmp_ln574_1_fu_653_p2         |      icmp|   0|  0|   12|          12|           6|
    |icmp_ln574_fu_538_p2           |      icmp|   0|  0|   12|          12|           6|
    |icmp_ln580_1_fu_477_p2         |      icmp|   0|  0|   12|          12|           6|
    |icmp_ln580_fu_366_p2           |      icmp|   0|  0|   12|          12|           6|
    |icmp_ln592_1_fu_493_p2         |      icmp|   0|  0|   11|           8|           1|
    |icmp_ln592_fu_382_p2           |      icmp|   0|  0|   11|           8|           1|
    |icmp_ln600_1_fu_731_p2         |      icmp|   0|  0|   11|          11|           1|
    |icmp_ln600_fu_616_p2           |      icmp|   0|  0|   11|          11|           1|
    |icmp_ln610_1_fu_870_p2         |      icmp|   0|  0|   12|          12|           6|
    |icmp_ln610_2_fu_1399_p2        |      icmp|   0|  0|   12|          12|           6|
    |icmp_ln610_3_fu_1102_p2        |      icmp|   0|  0|   12|          12|           6|
    |icmp_ln610_fu_1219_p2          |      icmp|   0|  0|   12|          12|           6|
    |icmp_ln620_1_fu_885_p2         |      icmp|   0|  0|   12|          12|           6|
    |icmp_ln620_2_fu_1112_p2        |      icmp|   0|  0|   12|          12|           6|
    |icmp_ln620_3_fu_1117_p2        |      icmp|   0|  0|   12|          12|           6|
    |icmp_ln620_fu_880_p2           |      icmp|   0|  0|   12|          12|           6|
    |icmp_ln630_1_fu_1171_p2        |      icmp|   0|  0|   25|          54|           1|
    |icmp_ln630_fu_939_p2           |      icmp|   0|  0|   25|          54|           1|
    |icmp_ln631_1_fu_1182_p2        |      icmp|   0|  0|   12|          12|           6|
    |icmp_ln631_fu_950_p2           |      icmp|   0|  0|   12|          12|           6|
    |Range2_V_1_fu_635_p2           |      lshr|   0|  0|  161|          54|          54|
    |Range2_V_3_fu_750_p2           |      lshr|   0|  0|  161|          54|          54|
    |lshr_ln1102_1_fu_1844_p2       |      lshr|   0|  0|   35|           2|          16|
    |lshr_ln1102_fu_2143_p2         |      lshr|   0|  0|   35|           2|          16|
    |lshr_ln1113_1_fu_1931_p2       |      lshr|   0|  0|  182|          64|          64|
    |lshr_ln1113_fu_2230_p2         |      lshr|   0|  0|  182|          64|          64|
    |r_V_2_fu_1122_p2               |      lshr|   0|  0|  161|           2|          54|
    |r_V_fu_890_p2                  |      lshr|   0|  0|  161|           2|          54|
    |deleted_ones_4_fu_1268_p2      |        or|   0|  0|    2|           1|           1|
    |deleted_ones_6_fu_1448_p2      |        or|   0|  0|    2|           1|           1|
    |or_ln1104_2_fu_2198_p2         |        or|   0|  0|    2|           1|           1|
    |or_ln1104_fu_1899_p2           |        or|   0|  0|    2|           1|           1|
    |or_ln302_1_fu_1510_p2          |        or|   0|  0|    2|           1|           1|
    |or_ln302_2_fu_1644_p2          |        or|   0|  0|    2|           1|           1|
    |or_ln302_8_fu_1363_p2          |        or|   0|  0|    2|           1|           1|
    |or_ln302_9_fu_1543_p2          |        or|   0|  0|    2|           1|           1|
    |or_ln302_fu_1330_p2            |        or|   0|  0|    2|           1|           1|
    |or_ln642_1_fu_1416_p2          |        or|   0|  0|    2|           1|           1|
    |or_ln642_fu_1236_p2            |        or|   0|  0|    2|           1|           1|
    |or_ln647_1_fu_1489_p2          |        or|   0|  0|    2|           1|           1|
    |or_ln647_fu_1309_p2            |        or|   0|  0|    2|           1|           1|
    |Range1_all_ones_3_fu_971_p3    |    select|   0|  0|    2|           1|           1|
    |Range1_all_ones_7_fu_1203_p3   |    select|   0|  0|    2|           1|           1|
    |Range1_all_zeros_2_fu_979_p3   |    select|   0|  0|    2|           1|           1|
    |Range1_all_zeros_5_fu_1211_p3  |    select|   0|  0|    2|           1|           1|
    |Range2_all_ones_2_fu_913_p3    |    select|   0|  0|    2|           1|           1|
    |Range2_all_ones_5_fu_1145_p3   |    select|   0|  0|    2|           1|           1|
    |curx_V_4_fu_1392_p3            |    select|   0|  0|   16|           1|           1|
    |cury_V_fu_1572_p3              |    select|   0|  0|   16|           1|           1|
    |deleted_ones_5_fu_1426_p3      |    select|   0|  0|    2|           1|           1|
    |deleted_ones_fu_1246_p3        |    select|   0|  0|    2|           1|           1|
    |deleted_zeros_1_fu_1404_p3     |    select|   0|  0|    2|           1|           1|
    |deleted_zeros_fu_1224_p3       |    select|   0|  0|    2|           1|           1|
    |m_2_fu_2251_p3                 |    select|   0|  0|   64|           1|          64|
    |m_5_fu_1952_p3                 |    select|   0|  0|   64|           1|          64|
    |man_V_7_fu_434_p3              |    select|   0|  0|   54|           1|          54|
    |man_V_fu_323_p3                |    select|   0|  0|   54|           1|          54|
    |neg_src_4_fu_1469_p3           |    select|   0|  0|    2|           1|           1|
    |neg_src_fu_1289_p3             |    select|   0|  0|    2|           1|           1|
    |p_Val2_14_fu_575_p3            |    select|   0|  0|   16|           1|          16|
    |p_Val2_16_fu_837_p3            |    select|   0|  0|   16|           1|          16|
    |p_Val2_19_fu_690_p3            |    select|   0|  0|   16|           1|          16|
    |p_Val2_21_fu_1069_p3           |    select|   0|  0|   16|           1|          16|
    |qb_1_fu_1005_p3                |    select|   0|  0|    2|           1|           1|
    |qb_fu_773_p3                   |    select|   0|  0|    2|           1|           1|
    |r                              |    select|   0|  0|   32|           1|           1|
    |select_ln1098_1_fu_1989_p3     |    select|   0|  0|    7|           1|           7|
    |select_ln1098_fu_2288_p3       |    select|   0|  0|    7|           1|           7|
    |select_ln1649_1_fu_1707_p3     |    select|   0|  0|   16|           1|          16|
    |select_ln1649_fu_1699_p3       |    select|   0|  0|   16|           1|          16|
    |select_ln302_1_fu_1565_p3      |    select|   0|  0|   16|           1|          16|
    |select_ln302_2_fu_1670_p3      |    select|   0|  0|   15|           1|          14|
    |select_ln302_3_fu_1691_p3      |    select|   0|  0|   16|           1|          16|
    |select_ln302_fu_1385_p3        |    select|   0|  0|   16|           1|          16|
    |select_ln566_1_fu_1057_p3      |    select|   0|  0|   16|           1|          16|
    |select_ln566_fu_825_p3         |    select|   0|  0|   16|           1|          16|
    |select_ln571_1_fu_1041_p3      |    select|   0|  0|   16|           1|          16|
    |select_ln571_fu_809_p3         |    select|   0|  0|   16|           1|          16|
    |select_ln577_1_fu_669_p3       |    select|   0|  0|    2|           1|           2|
    |select_ln577_fu_554_p3         |    select|   0|  0|    2|           1|           2|
    |select_ln601_1_fu_708_p3       |    select|   0|  0|    2|           1|           2|
    |select_ln601_fu_593_p3         |    select|   0|  0|    2|           1|           2|
    |select_ln631_1_fu_963_p3       |    select|   0|  0|    2|           1|           1|
    |select_ln631_2_fu_1187_p3      |    select|   0|  0|    2|           1|           1|
    |select_ln631_3_fu_1195_p3      |    select|   0|  0|    2|           1|           1|
    |select_ln631_fu_955_p3         |    select|   0|  0|    2|           1|           1|
    |select_ln856_fu_1726_p3        |    select|   0|  0|   16|           1|          16|
    |sh_amt_1_fu_465_p3             |    select|   0|  0|   12|           1|          12|
    |sh_amt_fu_354_p3               |    select|   0|  0|   12|           1|          12|
    |theta                          |    select|   0|  0|   32|           1|           1|
    |tmp_V_4_fu_2057_p3             |    select|   0|  0|   16|           1|          16|
    |tmp_V_5_fu_1758_p3             |    select|   0|  0|   16|           1|          16|
    |shl_ln1114_1_fu_1946_p2        |       shl|   0|  0|  182|          64|          64|
    |shl_ln1114_fu_2245_p2          |       shl|   0|  0|  182|          64|          64|
    |shl_ln593_1_fu_1000_p2         |       shl|   0|  0|   35|          16|          16|
    |shl_ln593_fu_768_p2            |       shl|   0|  0|   35|          16|          16|
    |Range1_all_ones_11_fu_1097_p2  |       xor|   0|  0|    2|           1|           2|
    |Range1_all_ones_9_fu_865_p2    |       xor|   0|  0|    2|           1|           2|
    |Range1_all_zeros_1_fu_933_p2   |       xor|   0|  0|    2|           2|           1|
    |Range1_all_zeros_4_fu_1165_p2  |       xor|   0|  0|    2|           2|           1|
    |Range2_all_ones_1_fu_907_p2    |       xor|   0|  0|    2|           1|           2|
    |Range2_all_ones_4_fu_1139_p2   |       xor|   0|  0|    2|           1|           2|
    |xor_ln1104_1_fu_1875_p2        |       xor|   0|  0|    2|           1|           2|
    |xor_ln1104_fu_2174_p2          |       xor|   0|  0|    2|           1|           2|
    |xor_ln1649_fu_1714_p2          |       xor|   0|  0|    2|           1|           2|
    |xor_ln302_fu_1679_p2           |       xor|   0|  0|    2|           1|           1|
    |xor_ln378_1_fu_1035_p2         |       xor|   0|  0|    2|           1|           2|
    |xor_ln378_fu_803_p2            |       xor|   0|  0|    2|           1|           2|
    |xor_ln560_1_fu_1549_p2         |       xor|   0|  0|    2|           1|           2|
    |xor_ln560_fu_1369_p2           |       xor|   0|  0|    2|           1|           2|
    |xor_ln571_1_fu_1047_p2         |       xor|   0|  0|    2|           1|           2|
    |xor_ln571_fu_815_p2            |       xor|   0|  0|    2|           1|           2|
    |xor_ln610_1_fu_1442_p2         |       xor|   0|  0|    2|           1|           2|
    |xor_ln610_fu_1262_p2           |       xor|   0|  0|    2|           1|           2|
    |xor_ln643_1_fu_1436_p2         |       xor|   0|  0|    2|           2|           1|
    |xor_ln643_fu_1256_p2           |       xor|   0|  0|    2|           2|           1|
    |xor_ln647_1_fu_1314_p2         |       xor|   0|  0|    2|           1|           2|
    |xor_ln647_2_fu_1297_p2         |       xor|   0|  0|    2|           1|           2|
    |xor_ln647_3_fu_1494_p2         |       xor|   0|  0|    2|           1|           2|
    |xor_ln647_fu_1477_p2           |       xor|   0|  0|    2|           1|           2|
    |xor_ln648_1_fu_1531_p2         |       xor|   0|  0|    2|           2|           1|
    |xor_ln648_fu_1351_p2           |       xor|   0|  0|    2|           2|           1|
    |xor_ln895_fu_1613_p2           |       xor|   0|  0|    2|           1|           2|
    +-------------------------------+----------+----+---+-----+------------+------------+
    |Total                          |          |   0|  0| 4313|        2063|        2250|
    +-------------------------------+----------+----+---+-----+------------+------------+

    * Multiplexer: 
    +---------------+-----+-----------+-----+-----------+
    |      Name     | LUT | Input Size| Bits| Total Bits|
    +---------------+-----+-----------+-----+-----------+
    |ap_NS_fsm      |  113|         24|    1|         24|
    |grp_fu_218_p0  |   14|          3|   32|         96|
    +---------------+-----+-----------+-----+-----------+
    |Total          |  127|         27|   33|        120|
    +---------------+-----+-----------+-----+-----------+

    * Register: 
    +-----------------------------------------------------------------+----+----+-----+-----------+
    |                               Name                              | FF | LUT| Bits| Const Bits|
    +-----------------------------------------------------------------+----+----+-----+-----------+
    |F2_1_reg_2500                                                    |  12|   0|   12|          0|
    |F2_reg_2435                                                      |  12|   0|   12|          0|
    |LD_3_reg_2826                                                    |  32|   0|   32|          0|
    |QUAN_INC_1_reg_2508                                              |   1|   0|    1|          0|
    |QUAN_INC_reg_2443                                                |   1|   0|    1|          0|
    |Range1_all_ones_3_reg_2685                                       |   1|   0|    1|          0|
    |Range1_all_ones_7_reg_2727                                       |   1|   0|    1|          0|
    |Range1_all_zeros_1_reg_2680                                      |   1|   0|    1|          0|
    |Range1_all_zeros_2_reg_2692                                      |   1|   0|    1|          0|
    |Range1_all_zeros_4_reg_2722                                      |   1|   0|    1|          0|
    |Range1_all_zeros_5_reg_2734                                      |   1|   0|    1|          0|
    |Range2_V_1_reg_2598                                              |  54|   0|   54|          0|
    |Range2_V_3_reg_2649                                              |  54|   0|   54|          0|
    |Range2_all_ones_2_reg_2675                                       |   1|   0|    1|          0|
    |Range2_all_ones_5_reg_2717                                       |   1|   0|    1|          0|
    |add_ln580_1_reg_2621                                             |  12|   0|   12|          0|
    |add_ln580_reg_2570                                               |  12|   0|   12|          0|
    |ap_CS_fsm                                                        |  23|   0|   23|          0|
    |carry_1_reg_2661                                                 |   1|   0|    1|          0|
    |carry_3_reg_2703                                                 |   1|   0|    1|          0|
    |curx_V_4_reg_2739                                                |  16|   0|   16|          0|
    |cury_V_reg_2745                                                  |  16|   0|   16|          0|
    |exp_tmp_1_reg_2407                                               |  11|   0|   11|          0|
    |exp_tmp_reg_2382                                                 |  11|   0|   11|          0|
    |grp_cordiccart2pol_Pipeline_VITIS_LOOP_32_1_fu_204_ap_start_reg  |   1|   0|    1|          0|
    |icmp_ln1090_1_reg_2767                                           |   1|   0|    1|          0|
    |icmp_ln1090_reg_2841                                             |   1|   0|    1|          0|
    |icmp_ln1113_1_reg_2811                                           |   1|   0|    1|          0|
    |icmp_ln1113_reg_2885                                             |   1|   0|    1|          0|
    |icmp_ln560_1_reg_2417                                            |   1|   0|    1|          0|
    |icmp_ln560_reg_2392                                              |   1|   0|    1|          0|
    |icmp_ln566_2_reg_2626                                            |   1|   0|    1|          0|
    |icmp_ln566_reg_2575                                              |   1|   0|    1|          0|
    |icmp_ln571_1_reg_2609                                            |   1|   0|    1|          0|
    |icmp_ln571_reg_2558                                              |   1|   0|    1|          0|
    |icmp_ln580_1_reg_2526                                            |   1|   0|    1|          0|
    |icmp_ln580_reg_2461                                              |   1|   0|    1|          0|
    |icmp_ln592_1_reg_2531                                            |   1|   0|    1|          0|
    |icmp_ln592_reg_2466                                              |   1|   0|    1|          0|
    |icmp_ln600_1_reg_2631                                            |   1|   0|    1|          0|
    |icmp_ln600_reg_2580                                              |   1|   0|    1|          0|
    |lD_2_reg_2548                                                    |   1|   0|    1|          0|
    |lD_reg_2483                                                      |   1|   0|    1|          0|
    |m_9_reg_2895                                                     |  63|   0|   63|          0|
    |m_reg_2816                                                       |  63|   0|   63|          0|
    |man_V_7_reg_2493                                                 |  54|   0|   54|          0|
    |man_V_reg_2428                                                   |  54|   0|   54|          0|
    |or_ln1104_1_reg_2806                                             |   1|   0|    2|          1|
    |or_ln_reg_2880                                                   |   1|   0|    2|          1|
    |p_Result_47_reg_2900                                             |   1|   0|    1|          0|
    |p_Result_54_reg_2821                                             |   1|   0|    1|          0|
    |p_Result_56_reg_2373                                             |   1|   0|    1|          0|
    |p_Result_59_reg_2668                                             |   1|   0|    1|          0|
    |p_Result_60_reg_2398                                             |   1|   0|    1|          0|
    |p_Result_63_reg_2710                                             |   1|   0|    1|          0|
    |p_Result_67_reg_2846                                             |   1|   0|    1|          0|
    |p_Result_70_reg_2772                                             |   1|   0|    1|          0|
    |p_Val2_14_reg_2564                                               |  16|   0|   16|          0|
    |p_Val2_16_reg_2655                                               |  16|   0|   16|          0|
    |p_Val2_19_reg_2615                                               |  16|   0|   16|          0|
    |p_Val2_21_reg_2697                                               |  16|   0|   16|          0|
    |p_op_reg_2890                                                    |  64|   0|   64|          0|
    |pos1_1_reg_2536                                                  |  12|   0|   12|          0|
    |pos1_reg_2471                                                    |  12|   0|   12|          0|
    |pos2_1_reg_2636                                                  |  12|   0|   12|          0|
    |pos2_reg_2585                                                    |  12|   0|   12|          0|
    |select_ln1649_reg_2757                                           |  16|   0|   16|          0|
    |select_ln302_2_reg_2752                                          |  12|   0|   15|          3|
    |select_ln856_reg_2762                                            |  16|   0|   16|          0|
    |sext_ln570_1_reg_2604                                            |  32|   0|   32|          0|
    |sext_ln570_reg_2553                                              |  32|   0|   32|          0|
    |sh_amt_1_reg_2514                                                |  12|   0|   12|          0|
    |sh_amt_reg_2449                                                  |  12|   0|   12|          0|
    |sub_ln1099_1_reg_2784                                            |  32|   0|   32|          0|
    |sub_ln1099_reg_2858                                              |  32|   0|   32|          0|
    |tmp_10_reg_2478                                                  |   1|   0|    1|          0|
    |tmp_1_reg_2836                                                   |  64|   0|   64|          0|
    |tmp_21_reg_2543                                                  |   1|   0|    1|          0|
    |tmp_V_4_reg_2851                                                 |  16|   0|   16|          0|
    |tmp_V_5_reg_2777                                                 |  16|   0|   16|          0|
    |trunc_ln1098_1_reg_2801                                          |   8|   0|    8|          0|
    |trunc_ln1098_reg_2875                                            |   8|   0|    8|          0|
    |trunc_ln1099_1_reg_2791                                          |  16|   0|   16|          0|
    |trunc_ln1099_reg_2865                                            |  16|   0|   16|          0|
    |trunc_ln1102_1_reg_2796                                          |   4|   0|    4|          0|
    |trunc_ln1102_reg_2870                                            |   4|   0|    4|          0|
    |trunc_ln554_1_reg_2412                                           |  52|   0|   52|          0|
    |trunc_ln554_reg_2387                                             |  52|   0|   52|          0|
    |trunc_ln572_1_reg_2520                                           |  16|   0|   16|          0|
    |trunc_ln572_reg_2455                                             |  16|   0|   16|          0|
    |x_read_reg_2355                                                  |  32|   0|   32|          0|
    |y_read_reg_2349                                                  |  32|   0|   32|          0|
    |zext_ln455_1_reg_2488                                            |  11|   0|   12|          1|
    |zext_ln455_reg_2423                                              |  11|   0|   12|          1|
    |zext_ln624_1_reg_2644                                            |  32|   0|   54|         22|
    |zext_ln624_reg_2593                                              |  32|   0|   54|         22|
    +-----------------------------------------------------------------+----+----+-----+-----------+
    |Total                                                            |1352|   0| 1403|         51|
    +-----------------------------------------------------------------+----+----+-----+-----------+



================================================================
== Interface
================================================================
* Summary: 
+-----------------------+-----+-----+------------+----------------+--------------+
|       RTL Ports       | Dir | Bits|  Protocol  |  Source Object |    C Type    |
+-----------------------+-----+-----+------------+----------------+--------------+
|s_axi_control_AWVALID  |   in|    1|       s_axi|         control|       pointer|
|s_axi_control_AWREADY  |  out|    1|       s_axi|         control|       pointer|
|s_axi_control_AWADDR   |   in|    6|       s_axi|         control|       pointer|
|s_axi_control_WVALID   |   in|    1|       s_axi|         control|       pointer|
|s_axi_control_WREADY   |  out|    1|       s_axi|         control|       pointer|
|s_axi_control_WDATA    |   in|   32|       s_axi|         control|       pointer|
|s_axi_control_WSTRB    |   in|    4|       s_axi|         control|       pointer|
|s_axi_control_ARVALID  |   in|    1|       s_axi|         control|       pointer|
|s_axi_control_ARREADY  |  out|    1|       s_axi|         control|       pointer|
|s_axi_control_ARADDR   |   in|    6|       s_axi|         control|       pointer|
|s_axi_control_RVALID   |  out|    1|       s_axi|         control|       pointer|
|s_axi_control_RREADY   |   in|    1|       s_axi|         control|       pointer|
|s_axi_control_RDATA    |  out|   32|       s_axi|         control|       pointer|
|s_axi_control_RRESP    |  out|    2|       s_axi|         control|       pointer|
|s_axi_control_BVALID   |  out|    1|       s_axi|         control|       pointer|
|s_axi_control_BREADY   |   in|    1|       s_axi|         control|       pointer|
|s_axi_control_BRESP    |  out|    2|       s_axi|         control|       pointer|
|ap_clk                 |   in|    1|  ap_ctrl_hs|  cordiccart2pol|  return value|
|ap_rst_n               |   in|    1|  ap_ctrl_hs|  cordiccart2pol|  return value|
|interrupt              |  out|    1|  ap_ctrl_hs|  cordiccart2pol|  return value|
+-----------------------+-----+-----+------------+----------------+--------------+

